{"region": {"fips": "28", "name": "Mississippi", "abbr": "MS"}, "postal_codes": ["38847"], "name": "Golden", "counties": [{"fips": "057", "name": "Itawamba"}, {"fips": "141", "name": "Tishomingo"}]}