{"region": {"fips": "48", "name": "Texas", "abbr": "TX"}, "postal_codes": ["75444"], "name": "Golden", "counties": [{"fips": "499", "name": "Wood"}]}