{"region": {"fips": "40", "name": "Oklahoma", "abbr": "OK"}, "postal_codes": ["74737"], "name": "Golden", "counties": [{"fips": "089", "name": "McCurtain"}]}