{"region": {"fips": "29", "name": "Missouri", "abbr": "MO"}, "postal_codes": ["65658"], "name": "Golden", "counties": [{"fips": "009", "name": "Barry"}]}