{"region": {"fips": "17", "name": "Illinois", "abbr": "IL"}, "postal_codes": ["62339"], "name": "Golden", "counties": [{"fips": "001", "name": "Adams"}]}