{"region": {"fips": "08", "name": "Colorado", "abbr": "CO"}, "postal_codes": ["80401", "80439", "80403", "80402", "80419"], "name": "Golden", "counties": [{"fips": "047", "name": "Gilpin"}, {"fips": "005", "name": "Arapahoe"}, {"fips": "019", "name": "Clear Creek"}, {"fips": "059", "name": "Jefferson"}, {"fips": "013", "name": "Boulder"}]}