{"region": {"fips": "35", "name": "New Mexico", "abbr": "NM"}, "postal_codes": ["87047"], "name": "Golden", "counties": [{"fips": "001", "name": "Bernalillo"}, {"fips": "049", "name": "Santa Fe"}]}